[templates.envytheme.com/edusplash/default/index.html]
[templates.envytheme.com/edusplash/default/assets/css/bootstrap.min.css]
[templates.envytheme.com/edusplash/default/assets/css/animate.min.css]
[templates.envytheme.com/edusplash/default/assets/css/icofont.min.css]
[templates.envytheme.com/edusplash/default/assets/css/owl.carousel.min.css]
[templates.envytheme.com/edusplash/default/assets/css/owl.theme.default.min.css]
[templates.envytheme.com/edusplash/default/assets/css/magnific-popup.css]
[templates.envytheme.com/edusplash/default/assets/css/main.css]
[templates.envytheme.com/edusplash/default/assets/css/responsive.css]
[templates.envytheme.com/edusplash/default/assets/img/favicon.png]
[backblue.gif]
[fade.gif]
[index.html]
[templates.envytheme.com/edusplash/default/login.html]
[templates.envytheme.com/edusplash/default/register.html]
[templates.envytheme.com/edusplash/default/assets/img/logo.png]
[templates.envytheme.com/edusplash/default/index-2.html]
[templates.envytheme.com/edusplash/default/index-3.html]
[templates.envytheme.com/edusplash/default/index-4.html]
[templates.envytheme.com/edusplash/default/about-us.html]
[templates.envytheme.com/edusplash/default/about-us-2.html]
[templates.envytheme.com/edusplash/default/instructor.html]
[templates.envytheme.com/edusplash/default/contact.html]
[templates.envytheme.com/edusplash/default/404.html]
[templates.envytheme.com/edusplash/default/event.html]
[templates.envytheme.com/edusplash/default/single-event.html]
[templates.envytheme.com/edusplash/default/courses.html]
[templates.envytheme.com/edusplash/default/single-courses.html]
[templates.envytheme.com/edusplash/default/shop.html]
[templates.envytheme.com/edusplash/default/shop-with-sidebar.html]
[templates.envytheme.com/edusplash/default/single-shop.html]
[templates.envytheme.com/edusplash/default/view-cart.html]
[templates.envytheme.com/edusplash/default/checkout.html]
[templates.envytheme.com/edusplash/default/blog.html]
[templates.envytheme.com/edusplash/default/blog-with-sidebar.html]
[templates.envytheme.com/edusplash/default/single-blog.html]
[templates.envytheme.com/edusplash/default/assets/img/courses/react.png]
[templates.envytheme.com/edusplash/default/assets/img/courses/meteor.png]
[templates.envytheme.com/edusplash/default/assets/img/welcome-1.jpg]
[templates.envytheme.com/edusplash/default/assets/img/welcome-3.jpg]
[templates.envytheme.com/edusplash/default/assets/img/welcome-2.jpg]
[templates.envytheme.com/edusplash/default/assets/img/welcome-4.jpg]
[templates.envytheme.com/edusplash/default/assets/img/courses/1.jpg]
[templates.envytheme.com/edusplash/default/assets/img/instruction/sm1.jpg]
[templates.envytheme.com/edusplash/default/assets/img/courses/2.jpg]
[templates.envytheme.com/edusplash/default/assets/img/instruction/sm2.jpg]
[templates.envytheme.com/edusplash/default/assets/img/courses/3.jpg]
[templates.envytheme.com/edusplash/default/assets/img/instruction/sm3.jpg]
[templates.envytheme.com/edusplash/default/assets/img/courses/4.jpg]
[templates.envytheme.com/edusplash/default/assets/img/courses/5.jpg]
[templates.envytheme.com/edusplash/default/assets/img/courses/6.jpg]
[templates.envytheme.com/edusplash/default/assets/img/event/1.jpg]
[templates.envytheme.com/edusplash/default/assets/img/event/2.jpg]
[templates.envytheme.com/edusplash/default/assets/img/event/3.jpg]
[templates.envytheme.com/edusplash/default/assets/img/event/4.jpg]
[templates.envytheme.com/edusplash/default/assets/img/event/5.jpg]
[templates.envytheme.com/edusplash/default/assets/img/event/6.jpg]
[templates.envytheme.com/edusplash/default/assets/img/tutor/1.png]
[templates.envytheme.com/edusplash/default/assets/img/tutor/2.png]
[templates.envytheme.com/edusplash/default/assets/img/tutor/3.png]
[templates.envytheme.com/edusplash/default/assets/img/tutor/4.png]
[templates.envytheme.com/edusplash/default/assets/img/publication/1.jpg]
[templates.envytheme.com/edusplash/default/assets/img/publication/2.jpg]
[templates.envytheme.com/edusplash/default/assets/img/publication/3.jpg]
[templates.envytheme.com/edusplash/default/assets/img/publication/4.jpg]
[templates.envytheme.com/edusplash/default/assets/img/blog/1.jpg]
[templates.envytheme.com/edusplash/default/assets/img/blog/2.jpg]
[templates.envytheme.com/edusplash/default/assets/img/blog/3.jpg]
[templates.envytheme.com/edusplash/default/assets/img/quote.png]
[templates.envytheme.com/edusplash/default/assets/img/partner/1.png]
[templates.envytheme.com/edusplash/default/assets/img/partner/2.png]
[templates.envytheme.com/edusplash/default/assets/img/partner/3.png]
[templates.envytheme.com/edusplash/default/assets/img/partner/4.png]
[templates.envytheme.com/edusplash/default/assets/img/partner/5.png]
[templates.envytheme.com/edusplash/default/assets/img/instagram-feed/1.jpg]
[templates.envytheme.com/edusplash/default/assets/img/instagram-feed/2.jpg]
[templates.envytheme.com/edusplash/default/assets/img/instagram-feed/3.jpg]
[templates.envytheme.com/edusplash/default/assets/img/instagram-feed/4.jpg]
[templates.envytheme.com/edusplash/default/assets/img/instagram-feed/5.jpg]
[templates.envytheme.com/edusplash/default/assets/img/instagram-feed/6.jpg]
[templates.envytheme.com/edusplash/default/assets/js/jquery.min.js]
[templates.envytheme.com/edusplash/default/assets/js/popper.min.js]
[templates.envytheme.com/edusplash/default/assets/js/bootstrap.min.js]
[templates.envytheme.com/edusplash/default/assets/js/owl.carousel.min.js]
[templates.envytheme.com/edusplash/default/assets/js/jquery.magnific-popup.min.js]
[templates.envytheme.com/edusplash/default/assets/js/tilt.jquery.min.js]
[templates.envytheme.com/edusplash/default/assets/js/form-validator.min.js]
[templates.envytheme.com/edusplash/default/assets/js/contact-form-script.js]
[templates.envytheme.com/edusplash/default/assets/js/script.js]
[templates.envytheme.com/edusplash/default/index.html]
[templates.envytheme.com/edusplash/default/assets/css/bootstrap.min.css]
[templates.envytheme.com/edusplash/default/assets/css/animate.min.css]
[templates.envytheme.com/edusplash/default/assets/fonts/icofont.woff2]
[templates.envytheme.com/edusplash/default/assets/fonts/icofont.woff]
[templates.envytheme.com/edusplash/default/assets/css/icofont.min.css]
[templates.envytheme.com/edusplash/default/assets/css/owl.video.play.png]
[templates.envytheme.com/edusplash/default/assets/css/owl.carousel.min.css]
[templates.envytheme.com/edusplash/default/assets/css/owl.theme.default.min.css]
[templates.envytheme.com/edusplash/default/assets/css/magnific-popup.css]
[templates.envytheme.com/edusplash/default/assets/img/slider/1.jpg]
[templates.envytheme.com/edusplash/default/assets/img/slider/2.jpg]
[templates.envytheme.com/edusplash/default/assets/img/slider/3.jpg]
[templates.envytheme.com/edusplash/default/assets/img/hero-area-bg.jpg]
[templates.envytheme.com/edusplash/default/assets/img/categories/1.png]
[templates.envytheme.com/edusplash/default/assets/img/categories/2.png]
[templates.envytheme.com/edusplash/default/assets/img/categories/3.png]
[templates.envytheme.com/edusplash/default/assets/img/categories/4.png]
[templates.envytheme.com/edusplash/default/assets/img/categories/5.png]
[templates.envytheme.com/edusplash/default/assets/img/categories/6.png]
[templates.envytheme.com/edusplash/default/assets/img/categories/7.png]
[templates.envytheme.com/edusplash/default/assets/img/categories/8.png]
[templates.envytheme.com/edusplash/default/assets/img/about-video-thumb.jpg]
[templates.envytheme.com/edusplash/default/assets/img/pattern-bg.png]
[templates.envytheme.com/edusplash/default/assets/img/page-banner-bg1.jpg]
[templates.envytheme.com/edusplash/default/assets/img/ctr-bg1.jpg]
[templates.envytheme.com/edusplash/default/assets/img/ctr-bg2.jpg]
[templates.envytheme.com/edusplash/default/assets/img/reason-icon-bg.png]
[templates.envytheme.com/edusplash/default/assets/img/video-thumb-image.jpg]
[templates.envytheme.com/edusplash/default/assets/img/video-area-bg.jpg]
[templates.envytheme.com/edusplash/default/assets/img/imac-pro.png]
[templates.envytheme.com/edusplash/default/assets/img/footer-bg.jpg]
[templates.envytheme.com/edusplash/default/assets/css/main.css]
[templates.envytheme.com/edusplash/default/assets/css/responsive.css]
[templates.envytheme.com/edusplash/default/login.html]
[templates.envytheme.com/edusplash/default/register.html]
[templates.envytheme.com/edusplash/default/assets/img/logo-2.png]
[templates.envytheme.com/edusplash/default/assets/img/event/sm/1.jpg]
[templates.envytheme.com/edusplash/default/assets/img/icon/1.png]
[templates.envytheme.com/edusplash/default/assets/img/event/sm/2.jpg]
[templates.envytheme.com/edusplash/default/assets/img/event/sm/3.jpg]
[templates.envytheme.com/edusplash/default/assets/img/event/sm/4.jpg]
[templates.envytheme.com/edusplash/default/index-2.html]
[templates.envytheme.com/edusplash/default/assets/img/client/1.png]
[templates.envytheme.com/edusplash/default/assets/img/client/2.png]
[templates.envytheme.com/edusplash/default/index-3.html]
[templates.envytheme.com/edusplash/default/index-4.html]
[templates.envytheme.com/edusplash/default/about-us.html]
[templates.envytheme.com/edusplash/default/about-us-2.html]
[templates.envytheme.com/edusplash/default/assets/img/tutor/5.png]
[templates.envytheme.com/edusplash/default/assets/img/tutor/6.png]
[templates.envytheme.com/edusplash/default/assets/img/tutor/7.png]
[templates.envytheme.com/edusplash/default/assets/img/tutor/8.png]
[templates.envytheme.com/edusplash/default/instructor.html]
[templates.envytheme.com/edusplash/default/contact.html]
[templates.envytheme.com/edusplash/default/404.html]
[templates.envytheme.com/edusplash/default/event.html]
[templates.envytheme.com/edusplash/default/assets/img/event/single-view.jpg]
[templates.envytheme.com/edusplash/default/single-event.html]
[templates.envytheme.com/edusplash/default/courses.html]
[templates.envytheme.com/edusplash/default/assets/img/courses/courses-details.jpg]
[templates.envytheme.com/edusplash/default/single-courses.html]
[templates.envytheme.com/edusplash/default/shop.html]
[templates.envytheme.com/edusplash/default/shop-with-sidebar.html]
[templates.envytheme.com/edusplash/default/assets/img/publication/preview.jpg]
[templates.envytheme.com/edusplash/default/single-shop.html]
[templates.envytheme.com/edusplash/default/view-cart.html]
[templates.envytheme.com/edusplash/default/checkout.html]
[templates.envytheme.com/edusplash/default/assets/img/blog/4.jpg]
[templates.envytheme.com/edusplash/default/assets/img/blog/5.jpg]
[templates.envytheme.com/edusplash/default/assets/img/blog/6.jpg]
[templates.envytheme.com/edusplash/default/blog.html]
[templates.envytheme.com/edusplash/default/blog-with-sidebar.html]
[templates.envytheme.com/edusplash/default/assets/img/blog/single-preview.jpg]
[templates.envytheme.com/edusplash/default/single-blog.html]
[templates.envytheme.com/edusplash/default/assets/css/owl.video.play.html]
